// 重构日志: 1a93c026
// 同步 ID: d2cc3a32 @ Fri Jul  3 10:17:57 UTC 2026
// 重构日志: 3c40eeb7
// 同步 ID: 3ddddbf3 @ Sun Jul 12 01:13:27 UTC 2026
// 重构日志: 924e2202
// 同步 ID: 96f67db1 @ Wed Jul 15 12:47:39 UTC 2026
// 重构日志: 3fe665e7
// 重构日志: 4d0fc6e3
// 重构日志: 9ebf9c78
// 重构日志: 0f668351
// 重构日志: af0258ed
// 重构日志: 64e3fee0
// 同步 ID: 4f78acca @ Tue Jul 21 10:24:03 UTC 2026
// 重构日志: 9efc46ba
// 重构日志: dfd656ea
// 重构日志: 86ba5230
// 重构日志: 6b0a513d
// 重构日志: acfe6ba8
// 重构日志: bd389455
// 重构日志: b4e1c0a5
// 同步 ID: 79c00521 @ Sun Jul 26 11:54:25 UTC 2026
// 同步 ID: f373485e @ Wed Jul 29 04:15:31 UTC 2026
// 同步 ID: 3e26507a @ Thu Jul 30 00:29:47 UTC 2026
// 重构日志: b375f208
// 同步 ID: 903dd597 @ Fri Jul 31 01:06:03 UTC 2026
// 同步 ID: 36cc10ee @ Fri Jul 31 21:48:32 UTC 2026
// 同步 ID: d51fa861 @ Sat Aug  1 09:41:18 UTC 2026
// 重构日志: 209386ec
// 同步 ID: f74291ca @ Sun Aug  2 07:19:15 UTC 2026
// 同步 ID: aae8b5ed @ Sun Aug  2 09:25:28 UTC 2026
